// Jest Snapshot v1, https://goo.gl/fbAQLP

exports[`Should render a pokemon 1`] = `
<h2>
  Charizard
</h2>
`;
